[debug] [2026-07-12T14:31:21.870Z] ----------------------------------------------------------------------
[debug] [2026-07-12T14:31:21.882Z] Command:       C:\Program Files\nodejs\node.exe C:\Users\Lenovo\AppData\Roaming\npm\node_modules\firebase-tools\lib\bin\firebase.js deploy --only hosting,functions,firestore:rules
[debug] [2026-07-12T14:31:21.883Z] CLI Version:   15.17.0
[debug] [2026-07-12T14:31:21.883Z] Platform:      win32
[debug] [2026-07-12T14:31:21.883Z] Node Version:  v24.14.1
[debug] [2026-07-12T14:31:21.884Z] Time:          Sun Jul 12 2026 11:31:21 GMT-0300 (Horário Padrão de Brasília)
[debug] [2026-07-12T14:31:21.884Z] ----------------------------------------------------------------------
[debug] 
[debug] [2026-07-12T14:31:28.071Z] > command requires scopes: ["email","openid","https://www.googleapis.com/auth/cloudplatformprojects.readonly","https://www.googleapis.com/auth/firebase","https://www.googleapis.com/auth/cloud-platform"]
[debug] [2026-07-12T14:31:28.072Z] > authorizing via signed-in user (mauriciofr2016@gmail.com)
[debug] [2026-07-12T14:31:28.072Z] [iam] checking project bancotalentoserika for permissions ["cloudfunctions.functions.create","cloudfunctions.functions.delete","cloudfunctions.functions.get","cloudfunctions.functions.list","cloudfunctions.functions.update","cloudfunctions.operations.get","datastore.indexes.create","datastore.indexes.delete","datastore.indexes.list","datastore.indexes.update","firebase.projects.get","firebasehosting.sites.update"]
[debug] [2026-07-12T14:31:28.080Z] Checked if tokens are valid: true, expires at: 1783868333066
[debug] [2026-07-12T14:31:28.080Z] Checked if tokens are valid: true, expires at: 1783868333066
[debug] [2026-07-12T14:31:28.082Z] >>> [apiv2][query] POST https://cloudresourcemanager.googleapis.com/v1/projects/bancotalentoserika:testIamPermissions [none]
[debug] [2026-07-12T14:31:28.082Z] >>> [apiv2][(partial)header] POST https://cloudresourcemanager.googleapis.com/v1/projects/bancotalentoserika:testIamPermissions  x-goog-user-project=bancotalentoserika
[debug] [2026-07-12T14:31:28.082Z] >>> [apiv2][body] POST https://cloudresourcemanager.googleapis.com/v1/projects/bancotalentoserika:testIamPermissions {"permissions":["cloudfunctions.functions.create","cloudfunctions.functions.delete","cloudfunctions.functions.get","cloudfunctions.functions.list","cloudfunctions.functions.update","cloudfunctions.operations.get","datastore.indexes.create","datastore.indexes.delete","datastore.indexes.list","datastore.indexes.update","firebase.projects.get","firebasehosting.sites.update"]}
[debug] [2026-07-12T14:31:28.833Z] <<< [apiv2][status] POST https://cloudresourcemanager.googleapis.com/v1/projects/bancotalentoserika:testIamPermissions 200
[debug] [2026-07-12T14:31:28.834Z] <<< [apiv2][body] POST https://cloudresourcemanager.googleapis.com/v1/projects/bancotalentoserika:testIamPermissions {"permissions":["cloudfunctions.functions.create","cloudfunctions.functions.delete","cloudfunctions.functions.get","cloudfunctions.functions.list","cloudfunctions.functions.update","cloudfunctions.operations.get","datastore.indexes.create","datastore.indexes.delete","datastore.indexes.list","datastore.indexes.update","firebase.projects.get","firebasehosting.sites.update"]}
[debug] [2026-07-12T14:31:28.835Z] Checked if tokens are valid: true, expires at: 1783868333066
[debug] [2026-07-12T14:31:28.835Z] Checked if tokens are valid: true, expires at: 1783868333066
[debug] [2026-07-12T14:31:28.835Z] >>> [apiv2][query] POST https://iam.googleapis.com/v1/projects/bancotalentoserika/serviceAccounts/bancotalentoserika@appspot.gserviceaccount.com:testIamPermissions [none]
[debug] [2026-07-12T14:31:28.836Z] >>> [apiv2][body] POST https://iam.googleapis.com/v1/projects/bancotalentoserika/serviceAccounts/bancotalentoserika@appspot.gserviceaccount.com:testIamPermissions {"permissions":["iam.serviceAccounts.actAs"]}
[debug] [2026-07-12T14:31:29.930Z] <<< [apiv2][status] POST https://iam.googleapis.com/v1/projects/bancotalentoserika/serviceAccounts/bancotalentoserika@appspot.gserviceaccount.com:testIamPermissions 200
[debug] [2026-07-12T14:31:29.931Z] <<< [apiv2][body] POST https://iam.googleapis.com/v1/projects/bancotalentoserika/serviceAccounts/bancotalentoserika@appspot.gserviceaccount.com:testIamPermissions {"permissions":["iam.serviceAccounts.actAs"]}
[debug] [2026-07-12T14:31:29.934Z] Checked if tokens are valid: true, expires at: 1783868333066
[debug] [2026-07-12T14:31:29.934Z] Checked if tokens are valid: true, expires at: 1783868333066
[debug] [2026-07-12T14:31:29.935Z] >>> [apiv2][query] GET https://firebase.googleapis.com/v1beta1/projects/bancotalentoserika [none]
[debug] [2026-07-12T14:31:30.565Z] <<< [apiv2][status] GET https://firebase.googleapis.com/v1beta1/projects/bancotalentoserika 200
[debug] [2026-07-12T14:31:30.566Z] <<< [apiv2][body] GET https://firebase.googleapis.com/v1beta1/projects/bancotalentoserika {"projectId":"bancotalentoserika","projectNumber":"880124571423","displayName":"bancotalentoserika","name":"projects/bancotalentoserika","resources":{"hostingSite":"bancotalentoserika"},"state":"ACTIVE","labels":{"firebase":"enabled","firebase/storage-default-bucket":"created"},"etag":"1_6f692666-3db1-4c55-9d33-720301446055"}
[info] 
[info] === Deploying to 'bancotalentoserika'...
[info] 
[info] i  deploying firestore, functions, hosting 
[info] i  firestore: ensuring required API firestore.googleapis.com is enabled... 
[info] i  firestore: ensuring required API firestore.googleapis.com is enabled... 
[debug] [2026-07-12T14:31:30.609Z] Checked if tokens are valid: true, expires at: 1783868333066
[debug] [2026-07-12T14:31:30.610Z] Checked if tokens are valid: true, expires at: 1783868333066
[debug] [2026-07-12T14:31:30.611Z] >>> [apiv2][query] GET https://firestore.googleapis.com/v1/projects/bancotalentoserika/databases/(default) [none]
[debug] [2026-07-12T14:31:31.015Z] <<< [apiv2][status] GET https://firestore.googleapis.com/v1/projects/bancotalentoserika/databases/(default) 200
[debug] [2026-07-12T14:31:31.016Z] <<< [apiv2][body] GET https://firestore.googleapis.com/v1/projects/bancotalentoserika/databases/(default) {"name":"projects/bancotalentoserika/databases/(default)","uid":"06e76e2f-5397-4b12-a2da-3a589dd79929","createTime":"2026-04-21T00:47:55.179099Z","updateTime":"2026-04-21T00:47:55.179099Z","locationId":"southamerica-east1","type":"FIRESTORE_NATIVE","concurrencyMode":"PESSIMISTIC","versionRetentionPeriod":"3600s","earliestVersionTime":"2026-07-12T13:31:30.984246Z","appEngineIntegrationMode":"DISABLED","keyPrefix":"i","pointInTimeRecoveryEnablement":"POINT_IN_TIME_RECOVERY_DISABLED","deleteProtectionState":"DELETE_PROTECTION_DISABLED","databaseEdition":"STANDARD","freeTier":true,"realtimeUpdatesMode":"REALTIME_UPDATES_MODE_ENABLED","etag":"IPusxaOtzZUDML7gjrH//pMD"}
[info] i  cloud.firestore: checking firestore.rules for compilation errors... 
[debug] [2026-07-12T14:31:31.021Z] Checked if tokens are valid: true, expires at: 1783868333066
[debug] [2026-07-12T14:31:31.022Z] Checked if tokens are valid: true, expires at: 1783868333066
[debug] [2026-07-12T14:31:31.027Z] >>> [apiv2][query] POST https://firebaserules.googleapis.com/v1/projects/bancotalentoserika:test [none]
[debug] [2026-07-12T14:31:31.028Z] >>> [apiv2][body] POST https://firebaserules.googleapis.com/v1/projects/bancotalentoserika:test [omitted]
[debug] [2026-07-12T14:31:32.705Z] <<< [apiv2][status] POST https://firebaserules.googleapis.com/v1/projects/bancotalentoserika:test 200
[debug] [2026-07-12T14:31:32.705Z] <<< [apiv2][body] POST https://firebaserules.googleapis.com/v1/projects/bancotalentoserika:test {"issues":[{"sourcePosition":{"fileName":"firestore.rules","line":178,"column":71,"currentOffset":6598,"endOffset":6604},"description":"Invalid function name: hasNone.","severity":"WARNING"}]}
[warn] !  [W] 178:71 - Invalid function name: hasNone. 
[info] +  cloud.firestore: rules file firestore.rules compiled successfully 
[debug] [2026-07-12T14:31:32.717Z] Checked if tokens are valid: true, expires at: 1783868333066
[debug] [2026-07-12T14:31:32.718Z] Checked if tokens are valid: true, expires at: 1783868333066
[debug] [2026-07-12T14:31:32.718Z] >>> [apiv2][query] GET https://cloudresourcemanager.googleapis.com/v1/projects/bancotalentoserika [none]
[debug] [2026-07-12T14:31:32.965Z] <<< [apiv2][status] GET https://cloudresourcemanager.googleapis.com/v1/projects/bancotalentoserika 200
[debug] [2026-07-12T14:31:32.965Z] <<< [apiv2][body] GET https://cloudresourcemanager.googleapis.com/v1/projects/bancotalentoserika {"projectNumber":"880124571423","projectId":"bancotalentoserika","lifecycleState":"ACTIVE","name":"bancotalentoserika","labels":{"firebase":"enabled","firebase-core":"disabled"},"createTime":"2026-04-21T00:46:06.055Z"}
[info] i  functions: preparing codebase default for deployment 
[info] i  functions: ensuring required API cloudfunctions.googleapis.com is enabled... 
[info] i  functions: ensuring required API cloudbuild.googleapis.com is enabled... 
[info] i  artifactregistry: ensuring required API artifactregistry.googleapis.com is enabled... 
[debug] [2026-07-12T14:31:32.977Z] Checked if tokens are valid: true, expires at: 1783868333066
[debug] [2026-07-12T14:31:32.977Z] Checked if tokens are valid: true, expires at: 1783868333066
[debug] [2026-07-12T14:31:32.978Z] >>> [apiv2][query] GET https://firebase.googleapis.com/v1beta1/projects/bancotalentoserika/adminSdkConfig [none]
[debug] [2026-07-12T14:31:33.429Z] <<< [apiv2][status] GET https://firebase.googleapis.com/v1beta1/projects/bancotalentoserika/adminSdkConfig 200
[debug] [2026-07-12T14:31:33.429Z] <<< [apiv2][body] GET https://firebase.googleapis.com/v1beta1/projects/bancotalentoserika/adminSdkConfig {"projectId":"bancotalentoserika","storageBucket":"bancotalentoserika.firebasestorage.app"}
[debug] [2026-07-12T14:31:33.430Z] Checked if tokens are valid: true, expires at: 1783868333066
[debug] [2026-07-12T14:31:33.430Z] Checked if tokens are valid: true, expires at: 1783868333066
[debug] [2026-07-12T14:31:33.430Z] >>> [apiv2][query] GET https://runtimeconfig.googleapis.com/v1beta1/projects/bancotalentoserika/configs [none]
[debug] [2026-07-12T14:31:34.149Z] <<< [apiv2][status] GET https://runtimeconfig.googleapis.com/v1beta1/projects/bancotalentoserika/configs 200
[debug] [2026-07-12T14:31:34.149Z] <<< [apiv2][body] GET https://runtimeconfig.googleapis.com/v1beta1/projects/bancotalentoserika/configs {}
[debug] [2026-07-12T14:31:34.165Z] Validating nodejs source
[debug] [2026-07-12T14:31:40.050Z] > [functions] package.json contents: {
  "name": "conduzir-functions",
  "private": true,
  "main": "index.js",
  "engines": {
    "node": "22"
  },
  "scripts": {
    "test": "node --test",
    "check": "node --check index.js && node --check lib/asaas.js && node --check lib/billing.js"
  },
  "dependencies": {
    "firebase-admin": "^13.10.0",
    "firebase-functions": "^7.2.5"
  }
}
[debug] [2026-07-12T14:31:40.051Z] Building nodejs source
[info] i  functions: Loading and analyzing source code for codebase default to determine what to deploy 
[debug] [2026-07-12T14:31:40.056Z] Could not find functions.yaml. Must use http discovery
[debug] [2026-07-12T14:31:40.118Z] Found firebase-functions binary at 'C:\Users\Lenovo\Documents\GitHub\conduzir\functions\node_modules\.bin\firebase-functions'
